1c1
< 
---
> 0
